Script started on Fri 06 Nov 2015 04:59:51 PM PST
[blam017@hammer tests]$ ../bin/rshell
blam017@hammer.cs.ucr.edu$ ls
commented_command.script  exit	multi_command.script  single_command.script
blam017@hammer.cs.ucr.edu$ exit
[blam017@hammer tests]$ ../bin/rshell
blam017@hammer.cs.ucr.edu$ #exit
blam017@hammer.cs.ucr.edu$ lsi-a || exit
.  ..  commented_command.script	 exit  multi_command.script  single_command.script
blam017@hammer.cs.ucr.edu$ ls -a && exit
.  ..  commented_command.script	 exit  multi_command.script  single_command.script
[blam017@hammer tests]$ ../bin/rshell
blam017@hammer.cs.ucr.edu$ echo hello world; ls; echo hello &&& exit
-bash: Syntax error: Unexpected token near &
blam017@hammer.cs.ucr.edu$ echo hello world; ls; echo hello && exit
hello world
commented_command.script  exit	multi_command.script  single_command.script
hello
[blam017@hammer tests]$ ../bin/rshell
blam017@hammer.cs.ucr.edu$ echos hello || exit
-bash: No such file or directory
[blam017@hammer tests]$ ../bin/rshell
blam017@hammer.cs.ucr.edu$ echos hello && exit
-bash: No such file or directory
blam017@hammer.cs.ucr.edu$ echos hello && exit; exit
-bash: No such file or directory
[blam017@hammer tests]$ ../bin/rshell
blam017@hammer.cs.ucr.edu$ exit &&
Error: No command after connector.
blam017@hammer.cs.ucr.edu$ exit && ls
[blam017@hammer tests]$ exit
exit

Script done on Fri 06 Nov 2015 05:17:27 PM PST
